Running "module reset". Resetting modules to system default. The following $MODULEPATH directories have been removed: None
=== node: fal045  job: 550510 ===
NVIDIA L40S, 46068 MiB, 595.71.05

=== STEP 1/2: behavioural eligibility screen (the kill-shot) ===
[runlog] results/runs/20260827T055318Z-eligibility-screen  git=b138b8862c905acbb17b09084bafc6df9e8e7240 DIRTY  slurm=550510
Warning: You are sending unauthenticated requests to the HF Hub. Please set a HF_TOKEN to enable higher rate limits and faster downloads.
Fetching 2 files:   0%|          | 0/2 [00:00<?, ?it/s]Fetching 2 files: 100%|##########| 2/2 [00:00<00:00, 1641.61it/s]
Loading weights:   0%|          | 0/426 [00:00<?, ?it/s]Loading weights: 100%|##########| 426/426 [00:00<00:00, 17549.91it/s]
[padding control] batched==unbatched: False (1/8 mismatched)
  real   zero  AB=0.067 BA=0.067 all4=0.067 var=0.100 alt=0.000  [STOP]
  real   few   AB=0.967 BA=0.967 all4=0.967 var=0.983 alt=0.017  [PASS]
  rare   zero  AB=0.000 BA=0.000 all4=0.000 var=0.108 alt=0.000  [STOP]
  rare   few   AB=0.867 BA=0.900 all4=0.833 var=0.942 alt=0.058  [PASS]
  pseudo zero  AB=0.067 BA=0.033 all4=0.033 var=0.142 alt=0.033  [STOP]
  pseudo few   AB=0.600 BA=0.467 all4=0.433 var=0.767 alt=0.225  [MARGINAL]

==============================================================
HEADLINE  real/zero  pair_eligibility(AB) = 6.7%  -> STOP
BEST      real/few  = 96.7%  -> PASS
==============================================================
wrote /scratch/djjay/mats12/repo/results/runs/20260827T055318Z-eligibility-screen/outputs/eligibility-screen.json
eligibility screen exit=0

=== STEP 2/2: V1 tooling and positive-control verification ===
[runlog] results/runs/20260827T055404Z-v1-tooling-verification  git=b138b8862c905acbb17b09084bafc6df9e8e7240 DIRTY  slurm=550510
Warning: You are sending unauthenticated requests to the HF Hub. Please set a HF_TOKEN to enable higher rate limits and faster downloads.
Fetching 2 files:   0%|          | 0/2 [00:00<?, ?it/s]Fetching 2 files: 100%|##########| 2/2 [00:00<00:00, 1773.12it/s]
Loading weights:   0%|          | 0/426 [00:00<?, ?it/s]Loading weights: 100%|##########| 426/426 [00:00<00:00, 23397.81it/s]
Fetching 1 files:   0%|          | 0/1 [00:00<?, ?it/s]Fetching 1 files: 100%|##########| 1/1 [00:00<00:00, 125.20it/s]
[v1] JacobianLens(d_model=2560, n_prompts=1000, source_layers=[0..30] (31 layers))  model_load=3.4s

==============================================================
V1 VERDICT: PASS
  ok   official_positive_control_reproduces
  ok   both_paths_run
  ok   logit_lens_switch_is_live
  ok   deterministic
  ok   negative_control_available
  ok   no_transformerlens_in_path
  ok   coverage_positive_control
  ok   headroom_for_20_pairs_plus_controls
  jlens pass@10      = 0.350
  logitlens pass@10  = 0.200
==============================================================
v1 exit=0

=== GATE 1 COMPLETE (eligibility rc=0, v1 rc=0) ===
results/runs/20260827T055318Z-eligibility-screen/
results/runs/20260827T055404Z-v1-tooling-verification/
