Running "module reset". Resetting modules to system default. The following $MODULEPATH directories have been removed: None
=== node: fal049 job: 588537 commit: 36a5b2c ===
combined n=400 pairs=100 model-wrong=93  load 2s

== relcomp, block 30
  LR lbfgs multinomial C=1 (as step 5)                       acc=0.8975 (n=400)  model-wrong acc=0.8495 (n=93)
  LR liblinear one-vs-rest C=0.05 (different estimator)      acc=0.9850 (n=400)  model-wrong acc=0.9677 (n=93)
  Ridge classifier alpha=100 (different estimator)           acc=0.9800 (n=400)  model-wrong acc=0.9677 (n=93)
  NULL: labels permuted across records (expect ~0.5)         acc=0.5275 (n=400)  model-wrong acc=0.4839 (n=93)
  proxy: first-mentioned city (queried in AB, distractor in BA) acc=0.9225 (n=400)  model-wrong acc=0.9140 (n=93)
  binding probe by fact order: AB=0.8700 BA=0.9250

== relcomp, block 15
  LR lbfgs multinomial C=1 (as step 5)                       acc=0.9875 (n=400)  model-wrong acc=0.9785 (n=93)
  LR liblinear one-vs-rest C=0.05 (different estimator)      acc=0.9950 (n=400)  model-wrong acc=0.9892 (n=93)
  Ridge classifier alpha=100 (different estimator)           acc=0.9975 (n=400)  model-wrong acc=0.9892 (n=93)
  NULL: labels permuted across records (expect ~0.5)         acc=0.4525 (n=400)  model-wrong acc=0.4086 (n=93)
  proxy: first-mentioned city (queried in AB, distractor in BA) acc=0.9925 (n=400)  model-wrong acc=1.0000 (n=93)
  binding probe by fact order: AB=0.9750 BA=1.0000

== arm 3 at the period (dev-fit centroids, pooled roles), re-derived from raw residuals
  block 30: acc=0.6637 (n=800)   [step 2 reported L30 0.664, L0 0.994]
  block 0: acc=0.9938 (n=800)   [step 2 reported L30 0.664, L0 0.994]
done 6353s
exit=0
