Running "module reset". Resetting modules to system default. The following $MODULEPATH directories have been removed: None
=== node: fal027  job: 554591 ===
NVIDIA A30, 24576 MiB, 595.71.05
dataset: 41 lines in results/datasets/dev.jsonl

=== STEP 0/1: behavioural eligibility screen on results/datasets/heldout.jsonl ===
    first read of held-out; the freeze (results/stage2/FREEZE.md) is already committed
[runlog] results/runs/20260830T173157Z-eligibility-screen  git=62dc94b4033286ccbe2d1d1121feb2c412f15096 DIRTY  slurm=554591
Warning: You are sending unauthenticated requests to the HF Hub. Please set a HF_TOKEN to enable higher rate limits and faster downloads.
Fetching 2 files:   0%|          | 0/2 [00:00<?, ?it/s]Fetching 2 files: 100%|##########| 2/2 [00:00<00:00, 400.54it/s]
Loading weights:   0%|          | 0/426 [00:00<?, ?it/s]Loading weights:   3%|3         | 13/426 [00:00<00:03, 118.83it/s]Loading weights:  11%|#         | 46/426 [00:00<00:01, 228.85it/s]Loading weights:  57%|#####7    | 243/426 [00:00<00:00, 952.63it/s]Loading weights:  80%|#######9  | 339/426 [00:00<00:00, 786.74it/s]Loading weights:  99%|#########8| 421/426 [00:00<00:00, 724.68it/s]Loading weights: 100%|##########| 426/426 [00:00<00:00, 690.85it/s]
[padding control] batched==unbatched: False (1/8 mismatched)
[dataset] results/datasets/heldout.jsonl  n_records=160 n_pairs=40 seed=20260827 vocab_pool=6
  real   zero  AB=0.950 BA=0.925 all4=0.900 var=0.963 alt=0.000  [PASS]

==============================================================
HEADLINE  real/zero  pair_eligibility(AB) = 95.0%  -> PASS
BEST      real/zero  = 95.0%  -> PASS
==============================================================
wrote /scratch/djjay/mats12/repo/results/runs/20260830T173157Z-eligibility-screen/outputs/eligibility-screen.json
screen exit=0

=== STEP 1/1: Stage 3 frozen evaluation (dev shadow reference + held-out) ===
[runlog] results/runs/20260830T175149Z-stage3-heldout-frozen  git=62f5e75a5e00b543640e63e7296875fc30987ec2 DIRTY  slurm=554591
Warning: You are sending unauthenticated requests to the HF Hub. Please set a HF_TOKEN to enable higher rate limits and faster downloads.
Fetching 2 files:   0%|          | 0/2 [00:00<?, ?it/s]Fetching 2 files: 100%|##########| 2/2 [00:00<00:00, 469.50it/s]
Loading weights:   0%|          | 0/426 [00:00<?, ?it/s]Loading weights: 100%|##########| 426/426 [00:00<00:00, 5392.41it/s]
Fetching 1 files:   0%|          | 0/1 [00:00<?, ?it/s]Fetching 1 files: 100%|##########| 1/1 [00:00<00:00, 91.27it/s]
[stage3] JacobianLens(d_model=2560, n_prompts=1000, source_layers=[0..30] (31 layers))  model_load=8.6s  dev n=40  heldout n=160
[stage3] jlens: dev done
[stage3] jlens: heldout done
[stage3] logitlens: dev done
[stage3] logitlens: heldout done
[stage3] jlens_random_transport: dev done
[stage3] jlens_random_transport: heldout done

==================================================================
  dev      jlens                  prequery L25  frac=0.525 ctrl=0.400 medrank=    367 n=40
  dev      jlens                  relcomp  L30  frac=0.775 ctrl=0.350 medrank=    122 n=40
  dev      jlens                  qmark    L27  frac=0.675 ctrl=0.350 medrank=    111 n=40
  dev      jlens                  final    L27  frac=0.975 ctrl=0.400 medrank=     36 n=40
  dev      logitlens              prequery L24  frac=0.525 ctrl=0.525 medrank=  79780 n=40
  dev      logitlens              relcomp  L30  frac=0.700 ctrl=0.350 medrank=    296 n=40
  dev      logitlens              qmark    L29  frac=0.725 ctrl=0.350 medrank=     87 n=40
  dev      logitlens              final    L30  frac=0.900 ctrl=0.375 medrank=     20 n=40
  dev      jlens_random_transport prequery L25  frac=0.500 ctrl=0.450 medrank= 152949 n=40
  dev      jlens_random_transport relcomp  L30  frac=0.525 ctrl=0.450 medrank= 163614 n=40
  dev      jlens_random_transport qmark    L27  frac=0.500 ctrl=0.525 medrank= 170007 n=40
  dev      jlens_random_transport final    L27  frac=0.475 ctrl=0.550 medrank= 149420 n=40
  heldout  jlens                  prequery L25  frac=0.512 ctrl=0.519 medrank=    373 n=160
  heldout  jlens                  relcomp  L30  frac=0.781 ctrl=0.519 medrank=    128 n=160
  heldout  jlens                  qmark    L27  frac=0.669 ctrl=0.556 medrank=     95 n=160
  heldout  jlens                  final    L27  frac=0.956 ctrl=0.544 medrank=     21 n=160
  heldout  logitlens              prequery L24  frac=0.487 ctrl=0.481 medrank=  76276 n=160
  heldout  logitlens              relcomp  L30  frac=0.688 ctrl=0.519 medrank=    393 n=160
  heldout  logitlens              qmark    L29  frac=0.738 ctrl=0.544 medrank=     82 n=160
  heldout  logitlens              final    L30  frac=0.912 ctrl=0.512 medrank=     15 n=160
  heldout  jlens_random_transport prequery L25  frac=0.494 ctrl=0.481 medrank= 131558 n=160
  heldout  jlens_random_transport relcomp  L30  frac=0.525 ctrl=0.450 medrank= 167252 n=160
  heldout  jlens_random_transport qmark    L27  frac=0.506 ctrl=0.456 medrank= 170491 n=160
  heldout  jlens_random_transport final    L27  frac=0.537 ctrl=0.481 medrank= 142513 n=160
------------------------------------------------------------------
  shadow dev      prequery meanIntMargin=+0.002 neg=19/40
  shadow dev      relcomp  meanIntMargin=+1.275 neg=10/40
  shadow dev      qmark    meanIntMargin=+2.316 neg=9/40
  shadow dev      final    meanIntMargin=+2.767 neg=3/40
  shadow heldout  prequery meanIntMargin=+0.007 neg=78/160
  shadow heldout  relcomp  meanIntMargin=+1.333 neg=32/160
  shadow heldout  qmark    meanIntMargin=+2.237 neg=40/160
  shadow heldout  final    meanIntMargin=+2.639 neg=9/160
------------------------------------------------------------------
  arm3   prequery L30 dev_acc=0.500 heldout_acc=0.506 heldout_scored=160/160
  arm3   relcomp  L30 dev_acc=0.525 heldout_acc=0.525 heldout_scored=160/160
  arm3   qmark    L30 dev_acc=0.725 heldout_acc=0.731 heldout_scored=160/160
  arm3   final    L30 dev_acc=0.800 heldout_acc=0.725 heldout_scored=160/160
==================================================================
anchor failures: {'dev': 0, 'heldout': 0}
wrote /scratch/djjay/mats12/repo/results/runs/20260830T175149Z-stage3-heldout-frozen/outputs/stage3-heldout-frozen.json
frozen-eval exit=0

=== STAGE 3 COMPLETE (screen rc=0, eval rc=0) ===
results/runs/20260829T205800Z-stage1-supervised-reference/
results/runs/20260830T173157Z-eligibility-screen/
results/runs/20260830T175149Z-stage3-heldout-frozen/
